{
 "start": 1623080040000,
 "end": 1623166440000,
 "executionGraph": [
  {
   "id": "q1_m1",
   "type": "TimeSeriesDataSource",
   "metric": {
    "type": "MetricLiteral",
    "metric": "Vespa.vespa.container.documents_covered.count"
   },
   "sourceId": null,
   "fetchLast": false,
   "filterId": "filter-ni8"
  }
 ],
 "filters": [
  {
   "filter": {
    "type": "Chain",
    "op": "AND",
    "filters": [
     {
      "type": "NOT",
      "filter": {
       "type": "TagValueLiteralOr",
       "filter": "tenant1.app1.instance1",
       "tagKey": "applicationId"
      }
     },
     {
      "type": "TagValueLiteralOr",
      "filter": "public",
      "tagKey": "system"
     },
     {
      "type": "TagValueRegex",
      "filter": "^(tenant2)\\..*",
      "tagKey": "applicationId"
     }
    ]
   },
   "id": "filter-ni8"
  }
 ],
 "serdesConfigs": [
  {
   "id": "JsonV3QuerySerdes",
   "filter": [
    "summarizer"
   ]
  }
 ],
 "logLevel": "ERROR",
 "cacheMode": null
}
